================================================================================
Request: POST /products/
Body: {
  "name": "Test Product",
  "description": "Test Description",
  "price": 99.99,
  "stock": 100
}
--------------------------------------------------------------------------------
Response: 201
Body: {
  "name": "Test Product",
  "description": "Test Description",
  "price": 99.99,
  "stock": 100,
  "id": 1
}
================================================================================

================================================================================
Request: POST /orders/
Body: {
  "items": [
    {
      "product_id": 1,
      "quantity": 2
    }
  ]
}
--------------------------------------------------------------------------------
Response: 201
Body: {
  "id": 1,
  "created_at": "2025-11-21T19:32:04.841559",
  "status": "pending",
  "items": [
    {
      "id": 1,
      "product": {
        "id": 1,
        "name": "Test Product",
        "price": 99.99
      },
      "quantity": 2,
      "price": 99.99,
      "total_price": 199.98
    }
  ],
  "order_total": 199.98
}
================================================================================

================================================================================
Request: POST /products/
Body: {
  "name": "Test Product",
  "description": "Test Description",
  "price": 99.99,
  "stock": 100
}
--------------------------------------------------------------------------------
Response: 201
Body: {
  "name": "Test Product",
  "description": "Test Description",
  "price": 99.99,
  "stock": 100,
  "id": 1
}
================================================================================

================================================================================
Request: POST /orders/
Body: {
  "items": [
    {
      "product_id": 1,
      "quantity": 2
    }
  ]
}
--------------------------------------------------------------------------------
Response: 201
Body: {
  "id": 1,
  "created_at": "2025-11-21T19:32:04.873840",
  "status": "pending",
  "items": [
    {
      "id": 1,
      "product": {
        "id": 1,
        "name": "Test Product",
        "price": 99.99
      },
      "quantity": 2,
      "price": 99.99,
      "total_price": 199.98
    }
  ],
  "order_total": 199.98
}
================================================================================

================================================================================
Request: GET /orders/1
--------------------------------------------------------------------------------
Response: 200
Body: {
  "id": 1,
  "created_at": "2025-11-21T19:32:04.873840",
  "status": "pending",
  "items": [
    {
      "id": 1,
      "product": {
        "id": 1,
        "name": "Test Product",
        "price": 99.99
      },
      "quantity": 2,
      "price": 99.99,
      "total_price": 199.98
    }
  ],
  "order_total": 199.98
}
================================================================================

================================================================================
Request: GET /orders/999
--------------------------------------------------------------------------------
Response: 404
Body: {
  "detail": "Order not found"
}
================================================================================

================================================================================
Request: POST /products/
Body: {
  "name": "Test Product",
  "description": "Test Description",
  "price": 99.99,
  "stock": 100
}
--------------------------------------------------------------------------------
Response: 201
Body: {
  "name": "Test Product",
  "description": "Test Description",
  "price": 99.99,
  "stock": 100,
  "id": 1
}
================================================================================

================================================================================
Request: POST /orders/
Body: {
  "items": [
    {
      "product_id": 1,
      "quantity": 2
    }
  ]
}
--------------------------------------------------------------------------------
Response: 201
Body: {
  "id": 1,
  "created_at": "2025-11-21T19:32:04.921714",
  "status": "pending",
  "items": [
    {
      "id": 1,
      "product": {
        "id": 1,
        "name": "Test Product",
        "price": 99.99
      },
      "quantity": 2,
      "price": 99.99,
      "total_price": 199.98
    }
  ],
  "order_total": 199.98
}
================================================================================

================================================================================
Request: POST /orders/
Body: {
  "items": [
    {
      "product_id": 1,
      "quantity": 2
    }
  ]
}
--------------------------------------------------------------------------------
Response: 201
Body: {
  "id": 2,
  "created_at": "2025-11-21T19:32:04.929585",
  "status": "pending",
  "items": [
    {
      "id": 2,
      "product": {
        "id": 1,
        "name": "Test Product",
        "price": 99.99
      },
      "quantity": 2,
      "price": 99.99,
      "total_price": 199.98
    }
  ],
  "order_total": 199.98
}
================================================================================

================================================================================
Request: GET /orders/
--------------------------------------------------------------------------------
Response: 200
Body: [
  {
    "id": 1,
    "created_at": "2025-11-21T19:32:04.921714",
    "status": "pending",
    "items": [
      {
        "id": 1,
        "product": {
          "id": 1,
          "name": "Test Product",
          "price": 99.99
        },
        "quantity": 2,
        "price": 99.99,
        "total_price": 199.98
      }
    ],
    "order_total": 199.98
  },
  {
    "id": 2,
    "created_at": "2025-11-21T19:32:04.929585",
    "status": "pending",
    "items": [
      {
        "id": 2,
        "product": {
          "id": 1,
          "name": "Test Product",
          "price": 99.99
        },
        "quantity": 2,
        "price": 99.99,
        "total_price": 199.98
      }
    ],
    "order_total": 199.98
  }
]
================================================================================

================================================================================
Request: POST /products/
Body: {
  "name": "Test Product",
  "description": "Test Description",
  "price": 99.99,
  "stock": 100
}
--------------------------------------------------------------------------------
Response: 201
Body: {
  "name": "Test Product",
  "description": "Test Description",
  "price": 99.99,
  "stock": 100,
  "id": 1
}
================================================================================

================================================================================
Request: POST /orders/
Body: {
  "items": [
    {
      "product_id": 1,
      "quantity": 2
    }
  ]
}
--------------------------------------------------------------------------------
Response: 201
Body: {
  "id": 1,
  "created_at": "2025-11-21T19:32:04.955806",
  "status": "pending",
  "items": [
    {
      "id": 1,
      "product": {
        "id": 1,
        "name": "Test Product",
        "price": 99.99
      },
      "quantity": 2,
      "price": 99.99,
      "total_price": 199.98
    }
  ],
  "order_total": 199.98
}
================================================================================

================================================================================
Request: PUT /orders/1/status?status_value=confirmed
--------------------------------------------------------------------------------
Response: 200
Body: {
  "id": 1,
  "created_at": "2025-11-21T19:32:04.955806",
  "status": "confirmed",
  "items": [
    {
      "id": 1,
      "product": {
        "id": 1,
        "name": "Test Product",
        "price": 99.99
      },
      "quantity": 2,
      "price": 99.99,
      "total_price": 199.98
    }
  ],
  "order_total": 199.98
}
================================================================================

================================================================================
Request: POST /products/
Body: {
  "name": "Test Product",
  "description": "Test Description",
  "price": 99.99,
  "stock": 100
}
--------------------------------------------------------------------------------
Response: 201
Body: {
  "name": "Test Product",
  "description": "Test Description",
  "price": 99.99,
  "stock": 100,
  "id": 1
}
================================================================================

================================================================================
Request: POST /orders/
Body: {
  "items": [
    {
      "product_id": 1,
      "quantity": 2
    }
  ]
}
--------------------------------------------------------------------------------
Response: 201
Body: {
  "id": 1,
  "created_at": "2025-11-21T19:32:04.988243",
  "status": "pending",
  "items": [
    {
      "id": 1,
      "product": {
        "id": 1,
        "name": "Test Product",
        "price": 99.99
      },
      "quantity": 2,
      "price": 99.99,
      "total_price": 199.98
    }
  ],
  "order_total": 199.98
}
================================================================================

================================================================================
Request: DELETE /orders/1
--------------------------------------------------------------------------------
Response: 204
================================================================================

================================================================================
Request: GET /orders/1
--------------------------------------------------------------------------------
Response: 404
Body: {
  "detail": "Order not found"
}
================================================================================

================================================================================
Request: POST /products/
Body: {
  "name": "Test Product",
  "description": "Test Description",
  "price": 99.99,
  "stock": 1
}
--------------------------------------------------------------------------------
Response: 201
Body: {
  "name": "Test Product",
  "description": "Test Description",
  "price": 99.99,
  "stock": 1,
  "id": 1
}
================================================================================

================================================================================
Request: POST /orders/
Body: {
  "items": [
    {
      "product_id": 1,
      "quantity": 10
    }
  ]
}
--------------------------------------------------------------------------------
Response: 400
Body: {
  "detail": "Not enough stock for products:\n- Test Product: requested 10, available 1"
}
================================================================================

================================================================================
Request: POST /products/
Body: {
  "name": "Test Product",
  "description": "Test Description",
  "price": 99.99,
  "stock": 100
}
--------------------------------------------------------------------------------
Response: 201
Body: {
  "name": "Test Product",
  "description": "Test Description",
  "price": 99.99,
  "stock": 100,
  "id": 1
}
================================================================================

================================================================================
Request: POST /products/
Body: {
  "name": "Test Product",
  "description": "Test Description",
  "price": 99.99,
  "stock": 100
}
--------------------------------------------------------------------------------
Response: 201
Body: {
  "name": "Test Product",
  "description": "Test Description",
  "price": 99.99,
  "stock": 100,
  "id": 1
}
================================================================================

================================================================================
Request: GET /products/1
--------------------------------------------------------------------------------
Response: 200
Body: {
  "name": "Test Product",
  "description": "Test Description",
  "price": 99.99,
  "stock": 100,
  "id": 1
}
================================================================================

================================================================================
Request: GET /products/999
--------------------------------------------------------------------------------
Response: 404
Body: {
  "detail": "Product not found"
}
================================================================================

================================================================================
Request: POST /products/
Body: {
  "name": "Test Product",
  "description": "Test Description",
  "price": 99.99,
  "stock": 100
}
--------------------------------------------------------------------------------
Response: 201
Body: {
  "name": "Test Product",
  "description": "Test Description",
  "price": 99.99,
  "stock": 100,
  "id": 1
}
================================================================================

================================================================================
Request: POST /products/
Body: {
  "name": "Another Product",
  "description": "Another Description",
  "price": 199.99,
  "stock": 50
}
--------------------------------------------------------------------------------
Response: 201
Body: {
  "name": "Another Product",
  "description": "Another Description",
  "price": 199.99,
  "stock": 50,
  "id": 2
}
================================================================================

================================================================================
Request: GET /products/
--------------------------------------------------------------------------------
Response: 200
Body: [
  {
    "name": "Test Product",
    "description": "Test Description",
    "price": 99.99,
    "stock": 100,
    "id": 1
  },
  {
    "name": "Another Product",
    "description": "Another Description",
    "price": 199.99,
    "stock": 50,
    "id": 2
  }
]
================================================================================

================================================================================
Request: POST /products/
Body: {
  "name": "Test Product",
  "description": "Test Description",
  "price": 99.99,
  "stock": 100
}
--------------------------------------------------------------------------------
Response: 201
Body: {
  "name": "Test Product",
  "description": "Test Description",
  "price": 99.99,
  "stock": 100,
  "id": 1
}
================================================================================

================================================================================
Request: PUT /products/1
Body: {
  "name": "Updated Product",
  "description": "Updated Description",
  "price": 149.99,
  "stock": 75
}
--------------------------------------------------------------------------------
Response: 200
Body: {
  "name": "Updated Product",
  "description": "Updated Description",
  "price": 149.99,
  "stock": 75,
  "id": 1
}
================================================================================

================================================================================
Request: POST /products/
Body: {
  "name": "Test Product",
  "description": "Test Description",
  "price": 99.99,
  "stock": 100
}
--------------------------------------------------------------------------------
Response: 201
Body: {
  "name": "Test Product",
  "description": "Test Description",
  "price": 99.99,
  "stock": 100,
  "id": 1
}
================================================================================

================================================================================
Request: DELETE /products/1
--------------------------------------------------------------------------------
Response: 204
================================================================================

================================================================================
Request: GET /products/1
--------------------------------------------------------------------------------
Response: 404
Body: {
  "detail": "Product not found"
}
================================================================================

================================================================================
Request: POST /products/
Body: {
  "name": "Invalid Product",
  "description": "Invalid Description",
  "price": -99.99,
  "stock": 100
}
--------------------------------------------------------------------------------
Response: 422
Body: {
  "detail": [
    {
      "type": "greater_than",
      "loc": [
        "body",
        "price"
      ],
      "msg": "Input should be greater than 0",
      "input": -99.99,
      "ctx": {
        "gt": 0.0
      }
    }
  ]
}
================================================================================
